
> frontend@0.1.0 build
> next build

   ▲ Next.js 15.3.2

   Creating an optimized production build ...
 ✓ Compiled successfully in 5.0s
   Linting and checking validity of types ...
